I'm sorry, but errors were detected in your script. Please correct the
errors listed below, and try again.


File "game/script.rpy", line 80: expected 'comma or end of line' not found.
    frame5 with Dissolve(.125): alpha 0.5
                              ^

Ren'Py Version: Ren'Py 8.3.7.25031702
Sat Jun 28 23:38:02 2025
